#nullable enable
namespace Shiftshare.Graph
{
    using LinQL;
    using LinQL.Description;
    using LinQL.Translation;
    using Microsoft.Extensions.Logging;
    using Microsoft.Extensions.DependencyInjection;

    public static class ServiceCollectionExtensions
    {
        public static GraphBuilder<ShiftshareGraph> AddShiftshareGraph(this IServiceCollection services) => services.AddGraphQLClient<ShiftshareGraph>();
    }

    public partial class ShiftshareGraph : Graph
    {
        public ShiftshareGraph(ILogger<ShiftshareGraph> logger, IGraphQLConnection connection, IQueryTranslator queryTranslator) : base(logger, connection, queryTranslator)
        {
        }

        public Query Query => this.RootType<Query>();
        public Mutation Mutation => this.RootType<Mutation>();
    }

    [OperationType(RootOperationType.Query)]
    public partial class Query : RootType<Query>
    {
        public User? Me { get; set; }

        public IEvent[] Events { get; set; } = null !;
        [GraphQLOperation, GraphQLField(Name = "events")]
        public IEvent[] ExecuteEvents(System.Guid calendar, OffsetDateTime from, OffsetDateTime to) => Events;
    }

    [OperationType(RootOperationType.Mutation)]
    public partial class Mutation : RootType<Mutation>
    {
        public User RegisterUser { get; set; }

        public IEvent CancelEvent { get; set; } = null !;
        [GraphQLOperation, GraphQLField(Name = "cancelEvent")]
        public IEvent ExecuteCancelEvent(System.Guid calendarId, System.Guid id) => CancelEvent;
        public Calendar CreateCalendar { get; set; } = null !;
        [GraphQLOperation, GraphQLField(Name = "createCalendar")]
        public Calendar ExecuteCreateCalendar(CreateCalendarInput input) => CreateCalendar;
        public IEvent RescheduleShift { get; set; } = null !;
        [GraphQLOperation, GraphQLField(Name = "rescheduleShift")]
        public IEvent ExecuteRescheduleShift(System.Guid calendarId, System.Guid id, OffsetDate date) => RescheduleShift;
        public IEvent ScheduleShift { get; set; } = null !;
        [GraphQLOperation, GraphQLField(Name = "scheduleShift")]
        public IEvent ExecuteScheduleShift(System.Guid calendarId, System.Guid shiftType, OffsetDate date) => ScheduleShift;
        public Calendar SetupShiftType { get; set; } = null !;
        [GraphQLOperation, GraphQLField(Name = "setupShiftType")]
        public Calendar ExecuteSetupShiftType(System.Guid calendarId, ShiftTypeInput shiftType) => SetupShiftType;
        public ICalendarEvent[] SyncCalendarEvents { get; set; } = null !;
        [GraphQLOperation, GraphQLField(Name = "syncCalendarEvents")]
        public ICalendarEvent[] ExecuteSyncCalendarEvents(System.Guid calendar, OffsetDateTime after, CalendarEventInput[] newEvents) => SyncCalendarEvents;
    }

    public enum ApplyPolicy
    {
        BEFORE_RESOLVER,
        AFTER_RESOLVER
    }

    public partial interface IEvent
    {
        public System.Guid Calendar { get; set; }

        public System.Guid Id { get; set; }

        public OffsetDate Date { get; set; }
    }

    public partial class Shift : IEvent
    {
        public IEvent Cancel { get; set; }

        public System.Guid ShiftType { get; set; }

        public System.Guid Calendar { get; set; }

        public System.Guid Id { get; set; }

        public int Version { get; set; }

        public System.Guid CorrelationId { get; set; }

        public string? State { get; set; }

        public OffsetDate Date { get; set; }

        public IEvent Reschedule { get; set; } = null !;
        [GraphQLOperation, GraphQLField(Name = "reschedule")]
        public IEvent ExecuteReschedule(OffsetDate to) => Reschedule;
    }

    public partial class User
    {
        public System.Guid Id { get; set; }

        public string Email { get; set; }

        public string Name { get; set; }

        public string Avatar { get; set; }

        public Calendar[] Calendars { get; set; }
    }

    public partial class Calendar
    {
        public System.Guid Id { get; set; }

        public string Name { get; set; }

        public CalendarAccess[] Access { get; set; }

        public ShiftType[] ShiftTypes { get; set; }

        public Shift ScheduleShift { get; set; } = null !;
        [GraphQLOperation, GraphQLField(Name = "scheduleShift")]
        public Shift ExecuteScheduleShift(System.Guid shiftType, OffsetDate date) => ScheduleShift;
    }

    public partial class CalendarAccess
    {
        public System.Guid User { get; set; }

        public PermissionAttributes Permission { get; set; }
    }

    public enum PermissionAttributes
    {
        OWNER
    }

    public partial class ShiftType
    {
        public System.Guid Id { get; set; }

        public string Name { get; set; }

        public OffsetTime Starts { get; set; }

        public Duration Duration { get; set; }
    }

    public partial interface ICalendarEvent
    {
        public System.Guid Id { get; set; }

        public OffsetDateTime Raised { get; set; }

        public System.Guid Calendar { get; set; }

        public System.Guid EventId { get; set; }
    }

    public partial class ShiftScheduled : ICalendarEvent
    {
        public System.Guid ShiftType { get; set; }

        public OffsetDate Date { get; set; }

        public System.Guid Id { get; set; }

        public OffsetDateTime Raised { get; set; }

        public System.Guid Calendar { get; set; }

        public System.Guid EventId { get; set; }
    }

    public partial class ShiftRescheduled : ICalendarEvent
    {
        public OffsetDate Date { get; set; }

        public System.Guid Id { get; set; }

        public OffsetDateTime Raised { get; set; }

        public System.Guid Calendar { get; set; }

        public System.Guid EventId { get; set; }
    }

    public partial class EventCancelled : ICalendarEvent
    {
        public System.Guid Id { get; set; }

        public OffsetDateTime Raised { get; set; }

        public System.Guid Calendar { get; set; }

        public System.Guid EventId { get; set; }
    }
}
