namespace StarWars
{
    public partial class StarWarsGraph : Graph
    {
        public StarWarsGraph(ILogger<StarWarsGraph> logger, IGraphQLConnection connection, IQueryTranslator queryTranslator) : base(logger, connection, queryTranslator)
        {
        }

        public Root Root => this.RootType<Root>() ; }

    [OperationTypeAttribute(RootOperationType.Query)]
    public partial class Root : RootType<Root>
    {
    }

    public partial class Film
    {
        public string Created { get; set; }

        public string Director { get; set; }

        public string Edited { get; set; }

        public int EpisodeID { get; set; }

        public string Id { get; set; }

        public string OpeningCrawl { get; set; }

        public string Producers { get; set; }

        public string ReleaseDate { get; set; }

        public string Title { get; set; }

        [GraphQLOperationAttribute]
        public FilmCharactersConnection CharacterConnection(string after, string before, int first, int last)
        {
            return default !;
        }

        [GraphQLOperationAttribute]
        public FilmPlanetsConnection PlanetConnection(string after, string before, int first, int last)
        {
            return default !;
        }

        [GraphQLOperationAttribute]
        public FilmSpeciesConnection SpeciesConnection(string after, string before, int first, int last)
        {
            return default !;
        }

        [GraphQLOperationAttribute]
        public FilmStarshipsConnection StarshipConnection(string after, string before, int first, int last)
        {
            return default !;
        }

        [GraphQLOperationAttribute]
        public FilmVehiclesConnection VehicleConnection(string after, string before, int first, int last)
        {
            return default !;
        }
    }

    public partial class FilmCharactersConnection
    {
        public Person Characters { get; set; }

        public FilmCharactersEdge Edges { get; set; }

        public PageInfo PageInfo { get; set; }

        public int TotalCount { get; set; }
    }

    public partial class FilmCharactersEdge
    {
        public string Cursor { get; set; }

        public Person Node { get; set; }
    }

    public partial class FilmPlanetsConnection
    {
        public FilmPlanetsEdge Edges { get; set; }

        public PageInfo PageInfo { get; set; }

        public Planet Planets { get; set; }

        public int TotalCount { get; set; }
    }

    public partial class FilmPlanetsEdge
    {
        public string Cursor { get; set; }

        public Planet Node { get; set; }
    }

    public partial class FilmSpeciesConnection
    {
        public FilmSpeciesEdge Edges { get; set; }

        public PageInfo PageInfo { get; set; }

        public Species Species { get; set; }

        public int TotalCount { get; set; }
    }

    public partial class FilmSpeciesEdge
    {
        public string Cursor { get; set; }

        public Species Node { get; set; }
    }

    public partial class FilmStarshipsConnection
    {
        public FilmStarshipsEdge Edges { get; set; }

        public PageInfo PageInfo { get; set; }

        public Starship Starships { get; set; }

        public int TotalCount { get; set; }
    }

    public partial class FilmStarshipsEdge
    {
        public string Cursor { get; set; }

        public Starship Node { get; set; }
    }

    public partial class FilmVehiclesConnection
    {
        public FilmVehiclesEdge Edges { get; set; }

        public PageInfo PageInfo { get; set; }

        public int TotalCount { get; set; }

        public Vehicle Vehicles { get; set; }
    }

    public partial class FilmVehiclesEdge
    {
        public string Cursor { get; set; }

        public Vehicle Node { get; set; }
    }

    public partial class FilmsConnection
    {
        public FilmsEdge Edges { get; set; }

        public Film Films { get; set; }

        public PageInfo PageInfo { get; set; }

        public int TotalCount { get; set; }
    }

    public partial class FilmsEdge
    {
        public string Cursor { get; set; }

        public Film Node { get; set; }
    }

    public partial class PageInfo
    {
        public string EndCursor { get; set; }

        public bool HasNextPage { get; set; }

        public bool HasPreviousPage { get; set; }

        public string StartCursor { get; set; }
    }

    public partial class PeopleConnection
    {
        public PeopleEdge Edges { get; set; }

        public PageInfo PageInfo { get; set; }

        public Person People { get; set; }

        public int TotalCount { get; set; }
    }

    public partial class PeopleEdge
    {
        public string Cursor { get; set; }

        public Person Node { get; set; }
    }

    public partial class Person
    {
        public string BirthYear { get; set; }

        public string Created { get; set; }

        public string Edited { get; set; }

        public string EyeColor { get; set; }

        public string Gender { get; set; }

        public string HairColor { get; set; }

        public int Height { get; set; }

        public Planet Homeworld { get; set; }

        public string Id { get; set; }

        public float Mass { get; set; }

        public string Name { get; set; }

        public string SkinColor { get; set; }

        public Species Species { get; set; }

        [GraphQLOperationAttribute]
        public PersonFilmsConnection FilmConnection(string after, string before, int first, int last)
        {
            return default !;
        }

        [GraphQLOperationAttribute]
        public PersonStarshipsConnection StarshipConnection(string after, string before, int first, int last)
        {
            return default !;
        }

        [GraphQLOperationAttribute]
        public PersonVehiclesConnection VehicleConnection(string after, string before, int first, int last)
        {
            return default !;
        }
    }

    public partial class PersonFilmsConnection
    {
        public PersonFilmsEdge Edges { get; set; }

        public Film Films { get; set; }

        public PageInfo PageInfo { get; set; }

        public int TotalCount { get; set; }
    }

    public partial class PersonFilmsEdge
    {
        public string Cursor { get; set; }

        public Film Node { get; set; }
    }

    public partial class PersonStarshipsConnection
    {
        public PersonStarshipsEdge Edges { get; set; }

        public PageInfo PageInfo { get; set; }

        public Starship Starships { get; set; }

        public int TotalCount { get; set; }
    }

    public partial class PersonStarshipsEdge
    {
        public string Cursor { get; set; }

        public Starship Node { get; set; }
    }

    public partial class PersonVehiclesConnection
    {
        public PersonVehiclesEdge Edges { get; set; }

        public PageInfo PageInfo { get; set; }

        public int TotalCount { get; set; }

        public Vehicle Vehicles { get; set; }
    }

    public partial class PersonVehiclesEdge
    {
        public string Cursor { get; set; }

        public Vehicle Node { get; set; }
    }

    public partial class Planet
    {
        public string Climates { get; set; }

        public string Created { get; set; }

        public int Diameter { get; set; }

        public string Edited { get; set; }

        public string Gravity { get; set; }

        public string Id { get; set; }

        public string Name { get; set; }

        public int OrbitalPeriod { get; set; }

        public float Population { get; set; }

        public int RotationPeriod { get; set; }

        public float SurfaceWater { get; set; }

        public string Terrains { get; set; }

        [GraphQLOperationAttribute]
        public PlanetFilmsConnection FilmConnection(string after, string before, int first, int last)
        {
            return default !;
        }

        [GraphQLOperationAttribute]
        public PlanetResidentsConnection ResidentConnection(string after, string before, int first, int last)
        {
            return default !;
        }
    }

    public partial class PlanetFilmsConnection
    {
        public PlanetFilmsEdge Edges { get; set; }

        public Film Films { get; set; }

        public PageInfo PageInfo { get; set; }

        public int TotalCount { get; set; }
    }

    public partial class PlanetFilmsEdge
    {
        public string Cursor { get; set; }

        public Film Node { get; set; }
    }

    public partial class PlanetResidentsConnection
    {
        public PlanetResidentsEdge Edges { get; set; }

        public PageInfo PageInfo { get; set; }

        public Person Residents { get; set; }

        public int TotalCount { get; set; }
    }

    public partial class PlanetResidentsEdge
    {
        public string Cursor { get; set; }

        public Person Node { get; set; }
    }

    public partial class PlanetsConnection
    {
        public PlanetsEdge Edges { get; set; }

        public PageInfo PageInfo { get; set; }

        public Planet Planets { get; set; }

        public int TotalCount { get; set; }
    }

    public partial class PlanetsEdge
    {
        public string Cursor { get; set; }

        public Planet Node { get; set; }
    }

    public partial class Root
    {
        [GraphQLOperationAttribute]
        public FilmsConnection AllFilms(string after, string before, int first, int last)
        {
            return default !;
        }

        [GraphQLOperationAttribute]
        public PeopleConnection AllPeople(string after, string before, int first, int last)
        {
            return default !;
        }

        [GraphQLOperationAttribute]
        public PlanetsConnection AllPlanets(string after, string before, int first, int last)
        {
            return default !;
        }

        [GraphQLOperationAttribute]
        public SpeciesConnection AllSpecies(string after, string before, int first, int last)
        {
            return default !;
        }

        [GraphQLOperationAttribute]
        public StarshipsConnection AllStarships(string after, string before, int first, int last)
        {
            return default !;
        }

        [GraphQLOperationAttribute]
        public VehiclesConnection AllVehicles(string after, string before, int first, int last)
        {
            return default !;
        }

        [GraphQLOperationAttribute]
        public Film Film(string filmID, string id)
        {
            return default !;
        }

        [GraphQLOperationAttribute]
        public Node Node(string id)
        {
            return default !;
        }

        [GraphQLOperationAttribute]
        public Person Person(string id, string personID)
        {
            return default !;
        }

        [GraphQLOperationAttribute]
        public Planet Planet(string id, string planetID)
        {
            return default !;
        }

        [GraphQLOperationAttribute]
        public Species Species(string id, string speciesID)
        {
            return default !;
        }

        [GraphQLOperationAttribute]
        public Starship Starship(string id, string starshipID)
        {
            return default !;
        }

        [GraphQLOperationAttribute]
        public Vehicle Vehicle(string id, string vehicleID)
        {
            return default !;
        }
    }

    public partial class Species
    {
        public float AverageHeight { get; set; }

        public int AverageLifespan { get; set; }

        public string Classification { get; set; }

        public string Created { get; set; }

        public string Designation { get; set; }

        public string Edited { get; set; }

        public string EyeColors { get; set; }

        public string HairColors { get; set; }

        public Planet Homeworld { get; set; }

        public string Id { get; set; }

        public string Language { get; set; }

        public string Name { get; set; }

        public string SkinColors { get; set; }

        [GraphQLOperationAttribute]
        public SpeciesFilmsConnection FilmConnection(string after, string before, int first, int last)
        {
            return default !;
        }

        [GraphQLOperationAttribute]
        public SpeciesPeopleConnection PersonConnection(string after, string before, int first, int last)
        {
            return default !;
        }
    }

    public partial class SpeciesConnection
    {
        public SpeciesEdge Edges { get; set; }

        public PageInfo PageInfo { get; set; }

        public Species Species { get; set; }

        public int TotalCount { get; set; }
    }

    public partial class SpeciesEdge
    {
        public string Cursor { get; set; }

        public Species Node { get; set; }
    }

    public partial class SpeciesFilmsConnection
    {
        public SpeciesFilmsEdge Edges { get; set; }

        public Film Films { get; set; }

        public PageInfo PageInfo { get; set; }

        public int TotalCount { get; set; }
    }

    public partial class SpeciesFilmsEdge
    {
        public string Cursor { get; set; }

        public Film Node { get; set; }
    }

    public partial class SpeciesPeopleConnection
    {
        public SpeciesPeopleEdge Edges { get; set; }

        public PageInfo PageInfo { get; set; }

        public Person People { get; set; }

        public int TotalCount { get; set; }
    }

    public partial class SpeciesPeopleEdge
    {
        public string Cursor { get; set; }

        public Person Node { get; set; }
    }

    public partial class Starship
    {
        public int Mglt { get; set; }

        public float CargoCapacity { get; set; }

        public string Consumables { get; set; }

        public float CostInCredits { get; set; }

        public string Created { get; set; }

        public string Crew { get; set; }

        public string Edited { get; set; }

        public float HyperdriveRating { get; set; }

        public string Id { get; set; }

        public float Length { get; set; }

        public string Manufacturers { get; set; }

        public int MaxAtmospheringSpeed { get; set; }

        public string Model { get; set; }

        public string Name { get; set; }

        public string Passengers { get; set; }

        public string StarshipClass { get; set; }

        [GraphQLOperationAttribute]
        public StarshipFilmsConnection FilmConnection(string after, string before, int first, int last)
        {
            return default !;
        }

        [GraphQLOperationAttribute]
        public StarshipPilotsConnection PilotConnection(string after, string before, int first, int last)
        {
            return default !;
        }
    }

    public partial class StarshipFilmsConnection
    {
        public StarshipFilmsEdge Edges { get; set; }

        public Film Films { get; set; }

        public PageInfo PageInfo { get; set; }

        public int TotalCount { get; set; }
    }

    public partial class StarshipFilmsEdge
    {
        public string Cursor { get; set; }

        public Film Node { get; set; }
    }

    public partial class StarshipPilotsConnection
    {
        public StarshipPilotsEdge Edges { get; set; }

        public PageInfo PageInfo { get; set; }

        public Person Pilots { get; set; }

        public int TotalCount { get; set; }
    }

    public partial class StarshipPilotsEdge
    {
        public string Cursor { get; set; }

        public Person Node { get; set; }
    }

    public partial class StarshipsConnection
    {
        public StarshipsEdge Edges { get; set; }

        public PageInfo PageInfo { get; set; }

        public Starship Starships { get; set; }

        public int TotalCount { get; set; }
    }

    public partial class StarshipsEdge
    {
        public string Cursor { get; set; }

        public Starship Node { get; set; }
    }

    public partial class Vehicle
    {
        public float CargoCapacity { get; set; }

        public string Consumables { get; set; }

        public float CostInCredits { get; set; }

        public string Created { get; set; }

        public string Crew { get; set; }

        public string Edited { get; set; }

        public string Id { get; set; }

        public float Length { get; set; }

        public string Manufacturers { get; set; }

        public int MaxAtmospheringSpeed { get; set; }

        public string Model { get; set; }

        public string Name { get; set; }

        public string Passengers { get; set; }

        public string VehicleClass { get; set; }

        [GraphQLOperationAttribute]
        public VehicleFilmsConnection FilmConnection(string after, string before, int first, int last)
        {
            return default !;
        }

        [GraphQLOperationAttribute]
        public VehiclePilotsConnection PilotConnection(string after, string before, int first, int last)
        {
            return default !;
        }
    }

    public partial class VehicleFilmsConnection
    {
        public VehicleFilmsEdge Edges { get; set; }

        public Film Films { get; set; }

        public PageInfo PageInfo { get; set; }

        public int TotalCount { get; set; }
    }

    public partial class VehicleFilmsEdge
    {
        public string Cursor { get; set; }

        public Film Node { get; set; }
    }

    public partial class VehiclePilotsConnection
    {
        public VehiclePilotsEdge Edges { get; set; }

        public PageInfo PageInfo { get; set; }

        public Person Pilots { get; set; }

        public int TotalCount { get; set; }
    }

    public partial class VehiclePilotsEdge
    {
        public string Cursor { get; set; }

        public Person Node { get; set; }
    }

    public partial class VehiclesConnection
    {
        public VehiclesEdge Edges { get; set; }

        public PageInfo PageInfo { get; set; }

        public int TotalCount { get; set; }

        public Vehicle Vehicles { get; set; }
    }

    public partial class VehiclesEdge
    {
        public string Cursor { get; set; }

        public Vehicle Node { get; set; }
    }
}
